\BOOKMARK [0][]{chapter*.1}{\376\377\000D\000\351\000d\000i\000c\000a\000c\000e}{}% 1
\BOOKMARK [0][]{chapter*.2}{\376\377\000R\000e\000m\000e\000r\000c\000i\000e\000m\000e\000n\000t\000s}{}% 2
\BOOKMARK [0][]{chapter*.3}{\376\377\000R\000\351\000s\000u\000m\000\351}{}% 3
\BOOKMARK [0][]{chapter*.4}{\376\377\000A\000b\000s\000t\000r\000a\000c\000t}{}% 4
\BOOKMARK [0][]{chapter*.5}{}{}% 5
\BOOKMARK [0][]{chapter*.7}{\376\377\000L\000i\000s\000t\000e\000\040\000d\000e\000s\000\040\000f\000i\000g\000u\000r\000e\000s}{}% 6
\BOOKMARK [0][]{chapter*.8}{\376\377\000L\000i\000s\000t\000e\000\040\000d\000e\000s\000\040\000t\000a\000b\000l\000e\000a\000u\000x}{}% 7
\BOOKMARK [0][]{chapter*.9}{\376\377\000L\000i\000s\000t\000e\000\040\000d\000e\000s\000\040\000a\000b\000r\000\351\000v\000i\000a\000t\000i\000o\000n\000s}{}% 8
\BOOKMARK [0][]{chapter*.10}{\376\377\000I\000n\000t\000r\000o\000d\000u\000c\000t\000i\000o\000n\000\040\000G\000\351\000n\000\351\000r\000a\000l\000e}{}% 9
\BOOKMARK [1][]{section*.11}{\376\377\0001\000.\000\040\000C\000o\000n\000t\000e\000x\000t\000e\000\040\000g\000\351\000n\000\351\000r\000a\000l}{chapter*.10}% 10
\BOOKMARK [1][]{section*.11}{\376\377\0002\000.\000\040\000P\000r\000o\000b\000l\000\351\000m\000a\000t\000i\000q\000u\000e}{chapter*.10}% 11
\BOOKMARK [1][]{section*.11}{\376\377\0003\000.\000\040\000O\000b\000j\000e\000c\000t\000i\000f\000s\000\040\000d\000u\000\040\000t\000r\000a\000v\000a\000i\000l}{chapter*.10}% 12
\BOOKMARK [1][]{Item.5}{\376\377\0004\000.\000\040\000M\000o\000t\000i\000v\000a\000t\000i\000o\000n\000\040\000e\000t\000\040\000i\000n\000t\000\351\000r\000\352\000t\000\040\000d\000u\000\040\000s\000u\000j\000e\000t}{chapter*.10}% 13
\BOOKMARK [1][]{Item.5}{\376\377\0005\000.\000\040\000M\000\351\000t\000h\000o\000d\000o\000l\000o\000g\000i\000e\000\040\000a\000d\000o\000p\000t\000\351\000e}{chapter*.10}% 14
\BOOKMARK [1][]{Item.5}{\376\377\0006\000.\000\040\000S\000t\000r\000u\000c\000t\000u\000r\000e\000\040\000d\000u\000\040\000m\000\351\000m\000o\000i\000r\000e}{chapter*.10}% 15
\BOOKMARK [0][]{chapter.1}{\376\377\0001\000\040\000T\000r\000a\000v\000a\000u\000x\000\040\000e\000x\000i\000s\000t\000a\000n\000t\000s}{}% 16
\BOOKMARK [1][]{section*.12}{\376\377\000I\000n\000t\000r\000o\000d\000u\000c\000t\000i\000o\000n}{chapter.1}% 17
\BOOKMARK [1][]{section.1.1}{\376\377\0001\000.\0001\000\040\000A\000g\000r\000i\000c\000u\000l\000t\000u\000r\000e\000\040\000d\000e\000\040\000p\000r\000\351\000c\000i\000s\000i\000o\000n\000\040\000e\000t\000\040\000s\000u\000i\000v\000i\000\040\000p\000a\000r\000c\000e\000l\000l\000a\000i\000r\000e}{chapter.1}% 18
\BOOKMARK [2][]{subsection.1.1.1}{\376\377\0001\000.\0001\000.\0001\000\040\000D\000\351\000f\000i\000n\000i\000t\000i\000o\000n\000\040\000e\000t\000\040\000p\000r\000i\000n\000c\000i\000p\000e\000s}{section.1.1}% 19
\BOOKMARK [2][]{subsection.1.1.2}{\376\377\0001\000.\0001\000.\0002\000\040\000L\000e\000\040\000s\000u\000i\000v\000i\000\040\000p\000a\000r\000c\000e\000l\000l\000a\000i\000r\000e}{section.1.1}% 20
\BOOKMARK [2][]{subsection.1.1.3}{\376\377\0001\000.\0001\000.\0003\000\040\000C\000o\000n\000t\000e\000x\000t\000e\000\040\000a\000g\000r\000i\000c\000o\000l\000e\000\040\000d\000u\000\040\000T\000c\000h\000a\000d}{section.1.1}% 21
\BOOKMARK [2][]{subsection.1.1.4}{\376\377\0001\000.\0001\000.\0004\000\040\000D\000\351\000f\000i\000s\000\040\000d\000u\000\040\000s\000u\000i\000v\000i\000\040\000p\000a\000r\000c\000e\000l\000l\000a\000i\000r\000e\000\040\000e\000n\000\040\000z\000o\000n\000e\000\040\000s\000a\000h\000\351\000l\000i\000e\000n\000n\000e}{section.1.1}% 22
\BOOKMARK [1][]{section.1.2}{\376\377\0001\000.\0002\000\040\000D\000o\000n\000n\000\351\000e\000s\000\040\000a\000g\000r\000i\000c\000o\000l\000e\000s\000\040\000:\000\040\000n\000a\000t\000u\000r\000e\000\040\000e\000t\000\040\000h\000\351\000t\000\351\000r\000o\000g\000\351\000n\000\351\000i\000t\000\351}{chapter.1}% 23
\BOOKMARK [2][]{subsection.1.2.1}{\376\377\0001\000.\0002\000.\0001\000\040\000D\000o\000n\000n\000\351\000e\000s\000\040\000c\000l\000i\000m\000a\000t\000i\000q\000u\000e\000s}{section.1.2}% 24
\BOOKMARK [2][]{subsection.1.2.2}{\376\377\0001\000.\0002\000.\0002\000\040\000D\000o\000n\000n\000\351\000e\000s\000\040\000p\000\351\000d\000o\000l\000o\000g\000i\000q\000u\000e\000s}{section.1.2}% 25
\BOOKMARK [2][]{subsection.1.2.3}{\376\377\0001\000.\0002\000.\0003\000\040\000D\000o\000n\000n\000\351\000e\000s\000\040\000v\000i\000s\000u\000e\000l\000l\000e\000s\000\040\000e\000t\000\040\000t\000\351\000l\000\351\000d\000\351\000t\000e\000c\000t\000i\000o\000n}{section.1.2}% 26
\BOOKMARK [2][]{subsection.1.2.4}{\376\377\0001\000.\0002\000.\0004\000\040\000L\000'\000i\000n\000d\000i\000c\000e\000\040\000d\000e\000\040\000v\000\351\000g\000\351\000t\000a\000t\000i\000o\000n\000\040\000N\000D\000V\000I}{section.1.2}% 27
\BOOKMARK [1][]{section.1.3}{\376\377\0001\000.\0003\000\040\000I\000n\000t\000e\000l\000l\000i\000g\000e\000n\000c\000e\000\040\000a\000r\000t\000i\000f\000i\000c\000i\000e\000l\000l\000e\000\040\000a\000p\000p\000l\000i\000q\000u\000\351\000e\000\040\000\340\000\040\000l\000'\000a\000g\000r\000i\000c\000u\000l\000t\000u\000r\000e}{chapter.1}% 28
\BOOKMARK [2][]{subsection.1.3.1}{\376\377\0001\000.\0003\000.\0001\000\040\000A\000p\000p\000r\000e\000n\000t\000i\000s\000s\000a\000g\000e\000\040\000a\000u\000t\000o\000m\000a\000t\000i\000q\000u\000e\000\040\000c\000l\000a\000s\000s\000i\000q\000u\000e}{section.1.3}% 29
\BOOKMARK [2][]{subsection.1.3.2}{\376\377\0001\000.\0003\000.\0002\000\040\000A\000p\000p\000r\000e\000n\000t\000i\000s\000s\000a\000g\000e\000\040\000p\000r\000o\000f\000o\000n\000d\000\040\000e\000t\000\040\000v\000i\000s\000i\000o\000n\000\040\000p\000a\000r\000\040\000o\000r\000d\000i\000n\000a\000t\000e\000u\000r}{section.1.3}% 30
\BOOKMARK [2][]{subsection.1.3.3}{\376\377\0001\000.\0003\000.\0003\000\040\000T\000r\000a\000n\000s\000f\000e\000r\000t\000\040\000d\000'\000a\000p\000p\000r\000e\000n\000t\000i\000s\000s\000a\000g\000e\000\040\000e\000t\000\040\000m\000o\000d\000\350\000l\000e\000s\000\040\000l\000\351\000g\000e\000r\000s}{section.1.3}% 31
\BOOKMARK [1][]{section.1.4}{\376\377\0001\000.\0004\000\040\000A\000n\000a\000l\000y\000s\000e\000\040\000d\000e\000s\000\040\000s\000o\000l\000u\000t\000i\000o\000n\000s\000\040\000e\000x\000i\000s\000t\000a\000n\000t\000e\000s\000\040\000e\000t\000\040\000p\000o\000s\000i\000t\000i\000o\000n\000n\000e\000m\000e\000n\000t}{chapter.1}% 32
\BOOKMARK [2][]{subsection.1.4.1}{\376\377\0001\000.\0004\000.\0001\000\040\000S\000o\000l\000u\000t\000i\000o\000n\000s\000\040\000e\000x\000i\000s\000t\000a\000n\000t\000e\000s}{section.1.4}% 33
\BOOKMARK [2][]{subsection.1.4.2}{\376\377\0001\000.\0004\000.\0002\000\040\000L\000i\000m\000i\000t\000e\000s\000\040\000d\000e\000s\000\040\000s\000o\000l\000u\000t\000i\000o\000n\000s\000\040\000e\000x\000i\000s\000t\000a\000n\000t\000e\000s}{section.1.4}% 34
\BOOKMARK [2][]{subsection.1.4.3}{\376\377\0001\000.\0004\000.\0003\000\040\000P\000o\000s\000i\000t\000i\000o\000n\000n\000e\000m\000e\000n\000t\000\040\000d\000e\000\040\000n\000o\000t\000r\000e\000\040\000c\000o\000n\000t\000r\000i\000b\000u\000t\000i\000o\000n}{section.1.4}% 35
\BOOKMARK [1][]{subsection.1.4.3}{\376\377\000C\000o\000n\000c\000l\000u\000s\000i\000o\000n}{chapter.1}% 36
\BOOKMARK [0][]{chapter.2}{\376\377\0002\000\040\000A\000n\000a\000l\000y\000s\000e\000,\000\040\000C\000o\000n\000c\000e\000p\000t\000i\000o\000n\000\040\000e\000t\000\040\000M\000o\000d\000\351\000l\000i\000s\000a\000t\000i\000o\000n\000\040\000U\000M\000L}{}% 37
\BOOKMARK [1][]{section*.14}{\376\377\000I\000n\000t\000r\000o\000d\000u\000c\000t\000i\000o\000n}{chapter.2}% 38
\BOOKMARK [1][]{section.2.1}{\376\377\0002\000.\0001\000\040\000A\000n\000a\000l\000y\000s\000e\000\040\000d\000u\000\040\000p\000r\000o\000b\000l\000\350\000m\000e\000\040\000e\000t\000\040\000i\000d\000e\000n\000t\000i\000f\000i\000c\000a\000t\000i\000o\000n\000\040\000d\000e\000s\000\040\000a\000c\000t\000e\000u\000r\000s}{chapter.2}% 39
\BOOKMARK [2][]{subsection.2.1.1}{\376\377\0002\000.\0001\000.\0001\000\040\000A\000n\000a\000l\000y\000s\000e\000\040\000d\000u\000\040\000p\000r\000o\000b\000l\000\350\000m\000e}{section.2.1}% 40
\BOOKMARK [2][]{subsection.2.1.2}{\376\377\0002\000.\0001\000.\0002\000\040\000I\000d\000e\000n\000t\000i\000f\000i\000c\000a\000t\000i\000o\000n\000\040\000d\000e\000s\000\040\000a\000c\000t\000e\000u\000r\000s}{section.2.1}% 41
\BOOKMARK [1][]{section.2.2}{\376\377\0002\000.\0002\000\040\000S\000p\000\351\000c\000i\000f\000i\000c\000a\000t\000i\000o\000n\000\040\000d\000e\000s\000\040\000b\000e\000s\000o\000i\000n\000s}{chapter.2}% 42
\BOOKMARK [2][]{subsection.2.2.1}{\376\377\0002\000.\0002\000.\0001\000\040\000B\000e\000s\000o\000i\000n\000s\000\040\000f\000o\000n\000c\000t\000i\000o\000n\000n\000e\000l\000s}{section.2.2}% 43
\BOOKMARK [2][]{subsection.2.2.2}{\376\377\0002\000.\0002\000.\0002\000\040\000B\000e\000s\000o\000i\000n\000s\000\040\000n\000o\000n\000\040\000f\000o\000n\000c\000t\000i\000o\000n\000n\000e\000l\000s}{section.2.2}% 44
\BOOKMARK [1][]{section.2.3}{\376\377\0002\000.\0003\000\040\000M\000o\000d\000\351\000l\000i\000s\000a\000t\000i\000o\000n\000\040\000U\000M\000L\000\040\000d\000u\000\040\000s\000y\000s\000t\000\350\000m\000e}{chapter.2}% 45
\BOOKMARK [2][]{subsection.2.3.1}{\376\377\0002\000.\0003\000.\0001\000\040\000D\000i\000a\000g\000r\000a\000m\000m\000e\000\040\000d\000e\000\040\000c\000o\000n\000t\000e\000x\000t\000e}{section.2.3}% 46
\BOOKMARK [2][]{subsection.2.3.2}{\376\377\0002\000.\0003\000.\0002\000\040\000D\000i\000a\000g\000r\000a\000m\000m\000e\000\040\000d\000e\000\040\000c\000a\000s\000\040\000d\000'\000u\000t\000i\000l\000i\000s\000a\000t\000i\000o\000n}{section.2.3}% 47
\BOOKMARK [2][]{subsection.2.3.3}{\376\377\0002\000.\0003\000.\0003\000\040\000D\000i\000a\000g\000r\000a\000m\000m\000e\000\040\000d\000e\000\040\000s\000\351\000q\000u\000e\000n\000c\000e\000\040\040\024\000\040\000a\000n\000a\000l\000y\000s\000e\000\040\000d\000'\000u\000n\000e\000\040\000p\000a\000r\000c\000e\000l\000l\000e}{section.2.3}% 48
\BOOKMARK [2][]{subsection.2.3.4}{\376\377\0002\000.\0003\000.\0004\000\040\000D\000i\000a\000g\000r\000a\000m\000m\000e\000\040\000d\000'\000a\000c\000t\000i\000v\000i\000t\000\351\000s\000\040\040\024\000\040\000g\000\351\000n\000\351\000r\000a\000t\000i\000o\000n\000\040\000d\000'\000u\000n\000e\000\040\000r\000e\000c\000o\000m\000m\000a\000n\000d\000a\000t\000i\000o\000n}{section.2.3}% 49
\BOOKMARK [1][]{section.2.4}{\376\377\0002\000.\0004\000\040\000A\000r\000c\000h\000i\000t\000e\000c\000t\000u\000r\000e\000\040\000d\000u\000\040\000c\000a\000d\000r\000e\000\040\000d\000\351\000c\000i\000s\000i\000o\000n\000n\000e\000l}{chapter.2}% 50
\BOOKMARK [1][]{section.2.5}{\376\377\0002\000.\0005\000\040\000M\000o\000d\000\350\000l\000e\000\040\000d\000e\000\040\000l\000a\000\040\000b\000a\000s\000e\000\040\000d\000e\000\040\000d\000o\000n\000n\000\351\000e\000s\000\040\000d\000e\000\040\000l\000'\000h\000i\000s\000t\000o\000r\000i\000q\000u\000e}{chapter.2}% 51
\BOOKMARK [1][]{table.caption.24}{\376\377\000C\000o\000n\000c\000l\000u\000s\000i\000o\000n}{chapter.2}% 52
\BOOKMARK [0][]{chapter*.25}{\376\377\000C\000o\000n\000c\000l\000u\000s\000i\000o\000n\000\040\000G\000\351\000n\000\351\000r\000a\000l\000e\000\040\000e\000t\000\040\000P\000e\000r\000s\000p\000e\000c\000t\000i\000v\000e\000s}{}% 53
\BOOKMARK [1][]{section*.26}{\376\377\000S\000y\000n\000t\000h\000\350\000s\000e\000\040\000d\000e\000s\000\040\000t\000r\000a\000v\000a\000u\000x}{chapter*.25}% 54
\BOOKMARK [1][]{section*.26}{\376\377\000L\000i\000m\000i\000t\000e\000s\000\040\000r\000e\000n\000c\000o\000n\000t\000r\000\351\000e\000s}{chapter*.25}% 55
\BOOKMARK [1][]{section*.26}{\376\377\000P\000e\000r\000s\000p\000e\000c\000t\000i\000v\000e\000s\000\040\000d\000'\000a\000m\000\351\000l\000i\000o\000r\000a\000t\000i\000o\000n}{chapter*.25}% 56
\BOOKMARK [0][]{chapter*.27}{\376\377\000B\000i\000b\000l\000i\000o\000g\000r\000a\000p\000h\000i\000e}{}% 57
\BOOKMARK [0][]{appendix.A}{\376\377\000A\000\040\000J\000e\000u\000x\000\040\000d\000e\000\040\000d\000o\000n\000n\000\351\000e\000s\000\040\000u\000t\000i\000l\000i\000s\000\351\000s}{}% 58
\BOOKMARK [0][]{appendix.B}{\376\377\000B\000\040\000C\000o\000d\000e\000s\000\040\000s\000o\000u\000r\000c\000e\000s\000\040\000p\000r\000i\000n\000c\000i\000p\000a\000u\000x}{}% 59
\BOOKMARK [0][]{appendix.C}{\376\377\000C\000\040\000D\000i\000a\000g\000r\000a\000m\000m\000e\000s\000\040\000U\000M\000L\000\040\000c\000o\000m\000p\000l\000e\000t\000s}{}% 60
\BOOKMARK [0][]{appendix.D}{\376\377\000D\000\040\000C\000a\000p\000t\000u\000r\000e\000s\000\040\000d\000'\000\351\000c\000r\000a\000n\000\040\000d\000e\000\040\000l\000'\000a\000p\000p\000l\000i\000c\000a\000t\000i\000o\000n}{}% 61
